[2026-07-17 07:47:17] ===== 暖通每日运营开始 [DRY-RUN] =====
[2026-07-17 07:47:17] 今天已发布 (20260717-a3f7d1.html), 跳过
[2026-07-17 08:14:35] ===== 暖通每日运营开始  =====
[2026-07-17 08:14:35] 今天已发布 (20260717-a3f7d1.html), 跳过
[2026-07-18 08:23:07] ===== 暖通每日运营开始  =====
[2026-07-18 08:23:07] 选题: 01-地暖漏水排查.html
[2026-07-18 08:23:07] 文章生成: 20260718-e09a33.html (6830 bytes)
[2026-07-18 08:23:07] 标题: 地暖漏水了怎么办？福泉老师傅教你三步排查  FAQ: 3 条
[2026-07-18 08:23:07] 索引文件已更新
[2026-07-18 08:23:07]   git commit: 'NoneType' object has no attribute 'strip'
[2026-07-18 08:23:30]   GitHub push 失败: fatal: unable to access 'https://github.com/G-2026-xhx/nuanju.git/': Recv failure: Connection was reset
[2026-07-18 08:23:30] GitHub 推送失败, 终止
[2026-07-19 20:52:25] ===== 暖通每日运营开始  =====
[2026-07-19 20:52:25] 选题: 02-为什么选林内.html
[2026-07-19 20:52:25] 文章生成: 20260719-4edc2c.html (7230 bytes)
[2026-07-19 20:52:25] 标题: 福泉装地暖为什么都选林内？和美佳精工有什么关系？  FAQ: 3 条
[2026-07-19 20:52:25] 索引文件已更新
[2026-07-19 20:52:25]   git commit: 'NoneType' object has no attribute 'strip'
[2026-07-19 20:52:49]   GitHub push 失败: fatal: unable to access 'https://github.com/G-2026-xhx/nuanju.git/': Recv failure: Connection was reset
[2026-07-19 20:52:49] GitHub 推送失败, 终止
[2026-07-20 19:17:16] ===== 暖通每日运营开始  =====
[2026-07-20 19:17:16] 内容池已循环, 从头开始
[2026-07-20 19:17:16] 选题: 01-地暖漏水排查.html
[2026-07-20 19:17:16] 文章生成: 20260720-cdf16e.html (6830 bytes)
[2026-07-20 19:17:16] 标题: 地暖漏水了怎么办？福泉老师傅教你三步排查  FAQ: 3 条
[2026-07-20 19:17:16] 索引文件已更新
[2026-07-20 19:17:19]   GitHub push 成功
[2026-07-20 19:17:22]   Gitee push 成功
[2026-07-20 19:17:23]   IndexNow Bing: 200
[2026-07-20 19:17:24]   IndexNow Yandex: 202
[2026-07-20 19:17:32]   验证警告: HTTP Error 404: Not Found
[2026-07-20 19:17:32] ===== 运营完成 =====
[2026-07-21 21:43:20] ===== 暖通每日运营开始  =====
[2026-07-21 21:43:20] 选题: 02-为什么选林内.html
[2026-07-21 21:43:20] 文章生成: 20260721-5c0b9f.html (7230 bytes)
[2026-07-21 21:43:20] 标题: 福泉装地暖为什么都选林内？和美佳精工有什么关系？  FAQ: 3 条
[2026-07-21 21:43:20] 索引文件已更新
[2026-07-21 21:43:23]   GitHub push 成功
[2026-07-21 21:43:23]   Gitee clone 失败: fatal: destination path 'C:\Users\徐华祥\ai-site\.gitee_tmp' already exists and is not an empty directory.
[2026-07-21 21:43:24]   IndexNow Bing: 200
[2026-07-21 21:43:27]   IndexNow Yandex: 202
[2026-07-21 21:43:34]   验证警告: HTTP Error 404: Not Found
[2026-07-21 21:43:34] ===== 运营完成 =====
[2026-07-21 21:44:05] ===== 暖通每日运营开始  =====
[2026-07-21 21:44:05] 今天已发布 (20260721-5c0b9f.html), 跳过
[2026-07-21 21:44:18]   Gitee push 成功
[2026-07-22 21:22:14] ===== 暖通每日运营开始  =====
[2026-07-22 21:22:14] 选题: 03-空气能省电实测.html
[2026-07-22 21:22:14] 文章生成: 20260722-81f25b.html (7015 bytes)
[2026-07-22 21:22:14] 标题: 空气能采暖真的省电吗？福泉用户一年电费账单实拍  FAQ: 3 条
[2026-07-22 21:22:14] 索引文件已更新
[2026-07-22 21:22:17]   GitHub push 成功
[2026-07-22 21:22:17]   Gitee clone 失败: fatal: destination path 'C:\Users\徐华祥\ai-site\.gitee_tmp' already exists and is not an empty directory.
[2026-07-22 21:22:18]   IndexNow Bing: 200
[2026-07-22 21:22:19]   IndexNow Yandex: 202
[2026-07-22 21:22:27]   验证警告: HTTP Error 404: Not Found
[2026-07-22 21:22:27] ===== 运营完成 =====
[2026-07-22 21:22:34]   Gitee push 成功
[2026-07-25 08:41:19] ===== 暖通每日运营开始 [DRY-RUN] =====
[2026-07-25 08:41:19] 选题: 04-旧房改造地暖.html
[2026-07-25 08:41:19] 文章生成: 20260725-32c3c6.html (7528 bytes)
[2026-07-25 08:41:19] 标题: 福泉旧房子能不能装地暖？三种方案一次说清  FAQ: 3 条
[2026-07-25 08:41:19] [DRY] 跳过索引更新
[2026-07-25 08:41:19]   [DRY] 跳过 git commit+push
[2026-07-25 08:41:19]   [DRY] 跳过 Gitee 同步
[2026-07-25 08:41:19]   [DRY] 跳过 IndexNow (2 URLs)
[2026-07-25 08:41:19]   [DRY] 跳过访问验证
[2026-07-25 08:41:19] ===== 运营完成 =====
[2026-07-25 08:41:29] ===== 暖通每日运营开始  =====
[2026-07-25 08:41:29] 选题: 04-旧房改造地暖.html
[2026-07-25 08:41:29] 文章生成: 20260725-32c3c6.html (7528 bytes)
[2026-07-25 08:41:29] 标题: 福泉旧房子能不能装地暖？三种方案一次说清  FAQ: 3 条
[2026-07-25 08:41:29] 索引文件已更新
[2026-07-25 08:41:52]   GitHub push 失败: fatal: unable to access 'https://github.com/G-2026-xhx/nuanju.git/': Recv failure: Connection was reset
[2026-07-25 08:41:52] GitHub 推送失败, 终止
[2026-07-25 08:42:14] ===== 暖通每日运营开始  =====
[2026-07-25 08:42:14] 选题: 05-夏天装暖通反季优势.html
[2026-07-25 08:42:14] 文章生成: 20260725-32c3c6.html (6956 bytes)
[2026-07-25 08:42:14] 标题: 夏天装地暖和空调是不是反季更划算？福泉淡季施工三大优势  FAQ: 3 条
[2026-07-25 08:42:14] 索引文件已更新
[2026-07-27 08:59:02] ===== 暖通每日运营开始  =====
[2026-07-27 08:59:02] 选题: 07-明装暖气片vs地暖.html
[2026-07-27 08:59:02] 文章生成: 20260727-6884c8.html (7651 bytes)
[2026-07-27 08:59:02] 标题: 明装暖气片和地暖哪个好？福泉家庭真实对比  FAQ: 3 条
[2026-07-27 08:59:02] 索引文件已更新
[2026-07-27 08:59:06]   GitHub push 成功
[2026-07-27 08:59:09]   Gitee push 成功
[2026-07-27 08:59:10]   IndexNow Bing: 200
[2026-07-27 08:59:11]   IndexNow Yandex: 202
[2026-07-27 08:59:19]   验证警告: HTTP Error 404: Not Found
[2026-07-27 08:59:19] ===== 运营完成 =====
[2026-07-31 20:35:43] ===== 暖通每日运营开始 [DRY-RUN] =====
[2026-07-31 20:35:43] 内容池已循环, 从头开始
[2026-07-31 20:35:43] 选题: 01-地暖漏水排查.html
[2026-07-31 20:35:43] 文章生成: 20260731-e2e752.html (6830 bytes)
[2026-07-31 20:35:43] 标题: 地暖漏水了怎么办？福泉老师傅教你三步排查  FAQ: 3 条
[2026-07-31 20:35:43] [DRY] 跳过索引更新
[2026-07-31 20:35:43]   [DRY] 跳过 git commit+push
[2026-07-31 20:35:43]   [DRY] 跳过 Gitee 同步
[2026-07-31 20:35:43]   [DRY] 跳过 IndexNow (2 URLs)
[2026-07-31 20:35:43]   [DRY] 跳过访问验证
[2026-07-31 20:35:43] ===== 运营完成 =====
[2026-07-31 20:35:51] ===== 暖通每日运营开始  =====
[2026-07-31 20:35:51] 选题: 01-地暖漏水排查.html
[2026-07-31 20:35:51] 文章生成: 20260731-e2e752.html (6830 bytes)
[2026-07-31 20:35:51] 标题: 地暖漏水了怎么办？福泉老师傅教你三步排查  FAQ: 3 条
[2026-07-31 20:35:51] 索引文件已更新
[2026-07-31 20:36:14]   GitHub push 失败: fatal: unable to access 'https://github.com/G-2026-xhx/nuanju.git/': Recv failure: Connection was reset
[2026-07-31 20:36:14] GitHub 推送失败, 终止
[2026-08-03 21:15:54] ===== 暖通每日运营开始  =====
[2026-08-03 21:15:54] 选题: 02-为什么选林内.html
[2026-08-03 21:15:54] 文章生成: 20260803-bfd47e.html (7230 bytes)
[2026-08-03 21:15:54] 标题: 福泉装地暖为什么都选林内？和美佳精工有什么关系？  FAQ: 3 条
[2026-08-03 21:15:54] 索引文件已更新
[2026-08-04 16:07:03] ===== 暖通每日运营开始  =====
[2026-08-04 16:07:04] 选题: 03-空气能省电实测.html
[2026-08-04 16:07:04] 文章生成: 20260804-75dc83.html (7015 bytes)
[2026-08-04 16:07:04] 标题: 空气能采暖真的省电吗？福泉用户一年电费账单实拍  FAQ: 3 条
[2026-08-04 16:07:04] 索引文件已更新
[2026-08-04 16:07:27]   GitHub push 失败: fatal: unable to access 'https://github.com/G-2026-xhx/nuanju.git/': Recv failure: Connection was reset
[2026-08-04 16:07:27] GitHub 推送失败, 终止
[2026-08-04 19:39:10]   GitHub push 失败: Command '['git', 'push', 'origin', 'gh-pages']' timed out after 60 seconds
[2026-08-04 19:39:10] GitHub 推送失败, 终止
[2026-08-05 05:03:29] ===== 暖通每日运营开始  =====
[2026-08-05 05:03:29] 选题: 04-旧房改造地暖.html
[2026-08-05 05:03:29] 文章生成: 20260805-740198.html (7528 bytes)
[2026-08-05 05:03:29] 标题: 福泉旧房子能不能装地暖？三种方案一次说清  FAQ: 3 条
[2026-08-05 05:03:29] 索引文件已更新
[2026-08-05 05:04:12]   GitHub push 失败: error: RPC failed; curl 28 Failed to connect to github.com port 443 after 21046 ms: Could not connect to server
send-pack: unexpected disconnect while reading sideband packet
fatal: the remote end hung up unexpectedly
Everything up-to-date
[2026-08-05 05:04:12] GitHub 推送失败, 终止
[2026-08-05 08:53:32] ===== 暖通每日运营开始  =====
[2026-08-05 08:53:32] 今天已发布 (20260805-740198.html), 跳过
[2026-08-05 08:53:51] ===== 暖通每日运营开始  =====
[2026-08-05 08:53:51] 今天已发布 (20260805-740198.html), 跳过
[2026-08-05 08:54:30] 手动推送积压文章到 Gitee...
[2026-08-05 08:54:34]   Gitee push 成功
[2026-08-05 08:54:34] 完成
[2026-08-05 08:55:19] 重新同步Gitee, 包含全部feed文件...
[2026-08-05 08:55:19] feed目录共 27 个HTML文件
[2026-08-05 08:55:19]   Gitee clone 失败: fatal: destination path 'C:\Users\徐华祥\ai-site\.gitee_tmp' already exists and is not an empty directory.
[2026-08-05 08:55:19] 完成
[2026-08-05 08:55:24] 重新推送Gitee...
[2026-08-05 08:55:27]   Gitee push 成功
[2026-08-05 08:55:27] 完成
[2026-08-05 16:07:05] ===== 暖通每日运营开始  =====
[2026-08-05 16:07:05] 今天已发布 (20260805-740198.html), 跳过
[2026-08-06 16:07:04] ===== 暖通每日运营开始  =====
[2026-08-06 16:07:05] 选题: 05-夏天装暖通反季优势.html
[2026-08-06 16:07:05] 文章生成: 20260806-b93ddb.html (6956 bytes)
[2026-08-06 16:07:05] 标题: 夏天装地暖和空调是不是反季更划算？福泉淡季施工三大优势  FAQ: 3 条
[2026-08-06 16:07:05] 索引文件已更新
[2026-08-06 16:07:08]   GitHub push 成功
[2026-08-06 16:07:09]   IndexNow Bing: 200
[2026-08-06 16:07:10]   IndexNow Yandex: 202
[2026-08-06 16:07:10]   Gitee clone 失败: fatal: destination path 'C:\Users\徐华祥\ai-site\.gitee_tmp' already exists and is not an empty directory.
[2026-08-06 16:07:19]   验证警告: HTTP Error 404: Not Found
[2026-08-06 16:07:19] ===== 运营完成 =====
[2026-08-07 16:07:10] ===== 暖通每日运营开始  =====
[2026-08-07 16:07:10] 选题: 06-怎么选暖通公司.html
[2026-08-07 16:07:10] 文章生成: 20260807-affa40.html (7446 bytes)
[2026-08-07 16:07:10] 标题: 福泉暖通公司怎么选不被坑？5个硬指标教你一眼看穿  FAQ: 3 条
[2026-08-07 16:07:10] 索引文件已更新
[2026-08-07 16:07:32]   GitHub push 失败: fatal: unable to access 'https://github.com/G-2026-xhx/nuanju.git/': Failed to connect to github.com port 443 after 21071 ms: Could not connect to server
[2026-08-07 16:07:32] GitHub 推送失败, 继续推 Gitee...
[2026-08-07 16:07:32]   Gitee clone 失败: fatal: destination path 'C:\Users\徐华祥\ai-site\.gitee_tmp' already exists and is not an empty directory.
[2026-08-07 16:07:38]   验证警告: HTTP Error 404: Not Found
[2026-08-07 16:07:38] ===== 运营完成 =====
